
   FAIL  Tests\Feature\Auth\RegistrationTest
  ⨯ registration screen can be rendered                                  0.77s
  ✓ new users can register                                               0.04s
  ────────────────────────────────────────────────────────────────────────────
   FAILED  Tests\Feature\Auth\RegistrationTest > registration screen can be…
  Expected response status code [200] but received 500.
Failed asserting that 500 is identical to 200.

The following exception occurred during the last request:

Illuminate\Foundation\ViteException: Unable to locate file in Vite manifest: resources/js/pages/auth/register.tsx. in /app/vendor/laravel/framework/src/Illuminate/Foundation/Vite.php:999
Stack trace:
#0 /app/vendor/laravel/framework/src/Illuminate/Foundation/Vite.php(390): Illuminate\Foundation\Vite->chunk()
#1 /app/storage/framework/views/31bd1c0675d2c09ac57f108a9b11bc0f.php(45): Illuminate\Foundation\Vite->__invoke()
#2 /app/vendor/laravel/framework/src/Illuminate/Filesystem/Filesystem.php(123): require('...')
#3 /app/vendor/laravel/framework/src/Illuminate/Filesystem/Filesystem.php(124): Illuminate\Filesystem\Filesystem::Illuminate\Filesystem\{closure}()
#4 /app/vendor/laravel/framework/src/Illuminate/View/Engines/PhpEngine.php(57): Illuminate\Filesystem\Filesystem->getRequire()
#5 /app/vendor/laravel/framework/src/Illuminate/View/Engines/CompilerEngine.php(76): Illuminate\View\Engines\PhpEngine->evaluatePath()
#6 /app/vendor/laravel/framework/src/Illuminate/View/View.php(208): Illuminate\View\Engines\CompilerEngine->get()
#7 /app/vendor/laravel/framework/src/Illuminate/View/View.php(191): Illuminate\View\View->getContents()
#8 /app/vendor/laravel/framework/src/Illuminate/View/View.php(160): Illuminate\View\View->renderContents()
#9 /app/vendor/laravel/framework/src/Illuminate/Http/Response.php(78): Illuminate\View\View->render()
#10 /app/vendor/laravel/framework/src/Illuminate/Http/Response.php(34): Illuminate\Http\Response->setContent()
#11 /app/vendor/laravel/framework/src/Illuminate/Routing/ResponseFactory.php(61): Illuminate\Http\Response->__construct()
#12 /app/vendor/laravel/framework/src/Illuminate/Routing/ResponseFactory.php(91): Illuminate\Routing\ResponseFactory->make()
#13 /app/vendor/laravel/framework/src/Illuminate/Support/Facades/Facade.php(363): Illuminate\Routing\ResponseFactory->view()
#14 /app/vendor/inertiajs/inertia-laravel/src/Response.php(217): Illuminate\Support\Facades\Facade::__callStatic()
#15 /app/vendor/laravel/fortify/src/Http/Responses/SimpleViewResponse.php(56): Inertia\Response->toResponse()
#16 /app/vendor/laravel/framework/src/Illuminate/Routing/Router.php(921): Laravel\Fortify\Http\Responses\SimpleViewResponse->toResponse()
#17 /app/vendor/laravel/framework/src/Illuminate/Routing/Router.php(906): Illuminate\Routing\Router::toResponse()
#18 /app/vendor/laravel/framework/src/Illuminate/Routing/Router.php(821): Illuminate\Routing\Router->prepareResponse()
#19 /app/vendor/laravel/framework/src/Illuminate/Pipeline/Pipeline.php(180): Illuminate\Routing\Router->Illuminate\Routing\{closure}()
#20 /app/vendor/laravel/framework/src/Illuminate/Auth/Middleware/RedirectIfAuthenticated.php(35): Illuminate\Pipeline\Pipeline->Illuminate\Pipeline\{closure}()
#21 /app/vendor/laravel/framework/src/Illuminate/Pipeline/Pipeline.php(219): Illuminate\Auth\Middleware\RedirectIfAuthenticated->handle()
#22 /app/vendor/laravel/framework/src/Illuminate/Http/Middleware/AddLinkHeadersForPreloadedAssets.php(32): Illuminate\Pipeline\Pipeline->Illuminate\Pipeline\{closure}()
#23 /app/vendor/laravel/framework/src/Illuminate/Pipeline/Pipeline.php(219): Illuminate\Http\Middleware\AddLinkHeadersForPreloadedAssets->handle()
#24 /app/vendor/inertiajs/inertia-laravel/src/Middleware.php(122): Illuminate\Pipeline\Pipeline->Illuminate\Pipeline\{closure}()
#25 /app/vendor/laravel/framework/src/Illuminate/Pipeline/Pipeline.php(219): Inertia\Middleware->handle()
#26 /app/app/Http/Middleware/HandleAppearance.php(21): Illuminate\Pipeline\Pipeline->Illuminate\Pipeline\{closure}()
#27 /app/vendor/laravel/framework/src/Illuminate/Pipeline/Pipeline.php(219): App\Http\Middleware\HandleAppearance->handle()
#28 /app/vendor/laravel/framework/src/Illuminate/Routing/Middleware/SubstituteBindings.php(50): Illuminate\Pipeline\Pipeline->Illuminate\Pipeline\{closure}()
#29 /app/vendor/laravel/framework/src/Illuminate/Pipeline/Pipeline.php(219): Illuminate\Routing\Middleware\SubstituteBindings->handle()
#30 /app/vendor/laravel/framework/src/Illuminate/Foundation/Http/Middleware/VerifyCsrfToken.php(87): Illuminate\Pipeline\Pipeline->Illuminate\Pipeline\{closure}()
#31 /app/vendor/laravel/framework/src/Illuminate/Pipeline/Pipeline.php(219): Illuminate\Foundation\Http\Middleware\VerifyCsrfToken->handle()
#32 /app/vendor/laravel/framework/src/Illuminate/View/Middleware/ShareErrorsFromSession.php(48): Illuminate\Pipeline\Pipeline->Illuminate\Pipeline\{closure}()
#33 /app/vendor/laravel/framework/src/Illuminate/Pipeline/Pipeline.php(219): Illuminate\View\Middleware\ShareErrorsFromSession->handle()
#34 /app/vendor/laravel/framework/src/Illuminate/Session/Middleware/StartSession.php(120): Illuminate\Pipeline\Pipeline->Illuminate\Pipeline\{closure}()
#35 /app/vendor/laravel/framework/src/Illuminate/Session/Middleware/StartSession.php(63): Illuminate\Session\Middleware\StartSession->handleStatefulRequest()
#36 /app/vendor/laravel/framework/src/Illuminate/Pipeline/Pipeline.php(219): Illuminate\Session\Middleware\StartSession->handle()
#37 /app/vendor/laravel/framework/src/Illuminate/Cookie/Middleware/AddQueuedCookiesToResponse.php(36): Illuminate\Pipeline\Pipeline->Illuminate\Pipeline\{closure}()
#38 /app/vendor/laravel/framework/src/Illuminate/Pipeline/Pipeline.php(219): Illuminate\Cookie\Middleware\AddQueuedCookiesToResponse->handle()
#39 /app/vendor/laravel/framework/src/Illuminate/Cookie/Middleware/EncryptCookies.php(74): Illuminate\Pipeline\Pipeline->Illuminate\Pipeline\{closure}()
#40 /app/vendor/laravel/framework/src/Illuminate/Pipeline/Pipeline.php(219): Illuminate\Cookie\Middleware\EncryptCookies->handle()
#41 /app/vendor/laravel/framework/src/Illuminate/Pipeline/Pipeline.php(137): Illuminate\Pipeline\Pipeline->Illuminate\Pipeline\{closure}()
#42 /app/vendor/laravel/framework/src/Illuminate/Routing/Router.php(821): Illuminate\Pipeline\Pipeline->then()
#43 /app/vendor/laravel/framework/src/Illuminate/Routing/Router.php(800): Illuminate\Routing\Router->runRouteWithinStack()
#44 /app/vendor/laravel/framework/src/Illuminate/Routing/Router.php(764): Illuminate\Routing\Router->runRoute()
#45 /app/vendor/laravel/framework/src/Illuminate/Routing/Router.php(753): Illuminate\Routing\Router->dispatchToRoute()
#46 /app/vendor/laravel/framework/src/Illuminate/Foundation/Http/Kernel.php(200): Illuminate\Routing\Router->dispatch()
#47 /app/vendor/laravel/framework/src/Illuminate/Pipeline/Pipeline.php(180): Illuminate\Foundation\Http\Kernel->Illuminate\Foundation\Http\{closure}()
#48 /app/vendor/laravel/framework/src/Illuminate/Foundation/Http/Middleware/TransformsRequest.php(21): Illuminate\Pipeline\Pipeline->Illuminate\Pipeline\{closure}()
#49 /app/vendor/laravel/framework/src/Illuminate/Foundation/Http/Middleware/ConvertEmptyStringsToNull.php(31): Illuminate\Foundation\Http\Middleware\TransformsRequest->handle()
#50 /app/vendor/laravel/framework/src/Illuminate/Pipeline/Pipeline.php(219): Illuminate\Foundation\Http\Middleware\ConvertEmptyStringsToNull->handle()
#51 /app/vendor/laravel/framework/src/Illuminate/Foundation/Http/Middleware/TransformsRequest.php(21): Illuminate\Pipeline\Pipeline->Illuminate\Pipeline\{closure}()
#52 /app/vendor/laravel/framework/src/Illuminate/Foundation/Http/Middleware/TrimStrings.php(51): Illuminate\Foundation\Http\Middleware\TransformsRequest->handle()
#53 /app/vendor/laravel/framework/src/Illuminate/Pipeline/Pipeline.php(219): Illuminate\Foundation\Http\Middleware\TrimStrings->handle()
#54 /app/vendor/laravel/framework/src/Illuminate/Http/Middleware/ValidatePostSize.php(27): Illuminate\Pipeline\Pipeline->Illuminate\Pipeline\{closure}()
#55 /app/vendor/laravel/framework/src/Illuminate/Pipeline/Pipeline.php(219): Illuminate\Http\Middleware\ValidatePostSize->handle()
#56 /app/vendor/laravel/framework/src/Illuminate/Foundation/Http/Middleware/PreventRequestsDuringMaintenance.php(109): Illuminate\Pipeline\Pipeline->Illuminate\Pipeline\{closure}()
#57 /app/vendor/laravel/framework/src/Illuminate/Pipeline/Pipeline.php(219): Illuminate\Foundation\Http\Middleware\PreventRequestsDuringMaintenance->handle()
#58 /app/vendor/laravel/framework/src/Illuminate/Http/Middleware/HandleCors.php(48): Illuminate\Pipeline\Pipeline->Illuminate\Pipeline\{closure}()
#59 /app/vendor/laravel/framework/src/Illuminate/Pipeline/Pipeline.php(219): Illuminate\Http\Middleware\HandleCors->handle()
#60 /app/vendor/laravel/framework/src/Illuminate/Http/Middleware/TrustProxies.php(58): Illuminate\Pipeline\Pipeline->Illuminate\Pipeline\{closure}()
#61 /app/vendor/laravel/framework/src/Illuminate/Pipeline/Pipeline.php(219): Illuminate\Http\Middleware\TrustProxies->handle()
#62 /app/vendor/laravel/framework/src/Illuminate/Foundation/Http/Middleware/InvokeDeferredCallbacks.php(22): Illuminate\Pipeline\Pipeline->Illuminate\Pipeline\{closure}()
#63 /app/vendor/laravel/framework/src/Illuminate/Pipeline/Pipeline.php(219): Illuminate\Foundation\Http\Middleware\InvokeDeferredCallbacks->handle()
#64 /app/vendor/laravel/framework/src/Illuminate/Http/Middleware/ValidatePathEncoding.php(26): Illuminate\Pipeline\Pipeline->Illuminate\Pipeline\{closure}()
#65 /app/vendor/laravel/framework/src/Illuminate/Pipeline/Pipeline.php(219): Illuminate\Http\Middleware\ValidatePathEncoding->handle()
#66 /app/vendor/laravel/framework/src/Illuminate/Pipeline/Pipeline.php(137): Illuminate\Pipeline\Pipeline->Illuminate\Pipeline\{closure}()
#67 /app/vendor/laravel/framework/src/Illuminate/Foundation/Http/Kernel.php(175): Illuminate\Pipeline\Pipeline->then()
#68 /app/vendor/laravel/framework/src/Illuminate/Foundation/Http/Kernel.php(144): Illuminate\Foundation\Http\Kernel->sendRequestThroughRouter()
#69 /app/vendor/laravel/framework/src/Illuminate/Foundation/Testing/Concerns/MakesHttpRequests.php(607): Illuminate\Foundation\Http\Kernel->handle()
#70 /app/vendor/laravel/framework/src/Illuminate/Foundation/Testing/Concerns/MakesHttpRequests.php(368): Illuminate\Foundation\Testing\TestCase->call()
#71 /app/tests/Feature/Auth/RegistrationTest.php(4): Illuminate\Foundation\Testing\TestCase->get()
#72 /app/vendor/pestphp/pest/src/Factories/TestCaseMethodFactory.php(168): P\Tests\Feature\Auth\RegistrationTest->{closure}()
#73 [internal function]: P\Tests\Feature\Auth\RegistrationTest->Pest\Factories\{closure}()
#74 /app/vendor/pestphp/pest/src/Concerns/Testable.php(429): call_user_func_array()
#75 /app/vendor/pestphp/pest/src/Support/ExceptionTrace.php(26): P\Tests\Feature\Auth\RegistrationTest->Pest\Concerns\{closure}()
#76 /app/vendor/pestphp/pest/src/Concerns/Testable.php(429): Pest\Support\ExceptionTrace::ensure()
#77 /app/vendor/pestphp/pest/src/Concerns/Testable.php(331): P\Tests\Feature\Auth\RegistrationTest->__callClosure()
#78 /app/vendor/pestphp/pest/src/Factories/TestCaseFactory.php(169) : eval()'d code(17): P\Tests\Feature\Auth\RegistrationTest->__runTest()
#79 /app/vendor/phpunit/phpunit/src/Framework/TestCase.php(1326): P\Tests\Feature\Auth\RegistrationTest->__pest_evaluable_registration_screen_can_be_rendered()
#80 /app/vendor/phpunit/phpunit/src/Framework/TestCase.php(519): PHPUnit\Framework\TestCase->runTest()
#81 /app/vendor/phpunit/phpunit/src/Framework/TestRunner/TestRunner.php(99): PHPUnit\Framework\TestCase->runBare()
#82 /app/vendor/phpunit/phpunit/src/Framework/TestCase.php(359): PHPUnit\Framework\TestRunner->run()
#83 /app/vendor/phpunit/phpunit/src/Framework/TestSuite.php(374): PHPUnit\Framework\TestCase->run()
#84 /app/vendor/phpunit/phpunit/src/TextUI/TestRunner.php(64): PHPUnit\Framework\TestSuite->run()
#85 /app/vendor/phpunit/phpunit/src/TextUI/Application.php(229): PHPUnit\TextUI\TestRunner->run()
#86 /app/vendor/pestphp/pest/src/Kernel.php(103): PHPUnit\TextUI\Application->run()
#87 /app/vendor/pestphp/pest/bin/pest(184): Pest\Kernel->handle()
#88 /app/vendor/pestphp/pest/bin/pest(192): {closure}()
#89 {main}

Next Illuminate\View\ViewException: Unable to locate file in Vite manifest: resources/js/pages/auth/register.tsx. (View: /app/resources/views/app.blade.php) in /app/vendor/laravel/framework/src/Illuminate/Foundation/Vite.php:999
Stack trace:
#0 /app/vendor/laravel/framework/src/Illuminate/View/Engines/PhpEngine.php(59): Illuminate\View\Engines\CompilerEngine->handleViewException()
#1 /app/vendor/laravel/framework/src/Illuminate/View/Engines/CompilerEngine.php(76): Illuminate\View\Engines\PhpEngine->evaluatePath()
#2 /app/vendor/laravel/framework/src/Illuminate/View/View.php(208): Illuminate\View\Engines\CompilerEngine->get()
#3 /app/vendor/laravel/framework/src/Illuminate/View/View.php(191): Illuminate\View\View->getContents()
#4 /app/vendor/laravel/framework/src/Illuminate/View/View.php(160): Illuminate\View\View->renderContents()
#5 /app/vendor/laravel/framework/src/Illuminate/Http/Response.php(78): Illuminate\View\View->render()
#6 /app/vendor/laravel/framework/src/Illuminate/Http/Response.php(34): Illuminate\Http\Response->setContent()
#7 /app/vendor/laravel/framework/src/Illuminate/Routing/ResponseFactory.php(61): Illuminate\Http\Response->__construct()
#8 /app/vendor/laravel/framework/src/Illuminate/Routing/ResponseFactory.php(91): Illuminate\Routing\ResponseFactory->make()
#9 /app/vendor/laravel/framework/src/Illuminate/Support/Facades/Facade.php(363): Illuminate\Routing\ResponseFactory->view()
#10 /app/vendor/inertiajs/inertia-laravel/src/Response.php(217): Illuminate\Support\Facades\Facade::__callStatic()
#11 /app/vendor/laravel/fortify/src/Http/Responses/SimpleViewResponse.php(56): Inertia\Response->toResponse()
#12 /app/vendor/laravel/framework/src/Illuminate/Routing/Router.php(921): Laravel\Fortify\Http\Responses\SimpleViewResponse->toResponse()
#13 /app/vendor/laravel/framework/src/Illuminate/Routing/Router.php(906): Illuminate\Routing\Router::toResponse()
#14 /app/vendor/laravel/framework/src/Illuminate/Routing/Router.php(821): Illuminate\Routing\Router->prepareResponse()
#15 /app/vendor/laravel/framework/src/Illuminate/Pipeline/Pipeline.php(180): Illuminate\Routing\Router->Illuminate\Routing\{closure}()
#16 /app/vendor/laravel/framework/src/Illuminate/Auth/Middleware/RedirectIfAuthenticated.php(35): Illuminate\Pipeline\Pipeline->Illuminate\Pipeline\{closure}()
#17 /app/vendor/laravel/framework/src/Illuminate/Pipeline/Pipeline.php(219): Illuminate\Auth\Middleware\RedirectIfAuthenticated->handle()
#18 /app/vendor/laravel/framework/src/Illuminate/Http/Middleware/AddLinkHeadersForPreloadedAssets.php(32): Illuminate\Pipeline\Pipeline->Illuminate\Pipeline\{closure}()
#19 /app/vendor/laravel/framework/src/Illuminate/Pipeline/Pipeline.php(219): Illuminate\Http\Middleware\AddLinkHeadersForPreloadedAssets->handle()
#20 /app/vendor/inertiajs/inertia-laravel/src/Middleware.php(122): Illuminate\Pipeline\Pipeline->Illuminate\Pipeline\{closure}()
#21 /app/vendor/laravel/framework/src/Illuminate/Pipeline/Pipeline.php(219): Inertia\Middleware->handle()
#22 /app/app/Http/Middleware/HandleAppearance.php(21): Illuminate\Pipeline\Pipeline->Illuminate\Pipeline\{closure}()
#23 /app/vendor/laravel/framework/src/Illuminate/Pipeline/Pipeline.php(219): App\Http\Middleware\HandleAppearance->handle()
#24 /app/vendor/laravel/framework/src/Illuminate/Routing/Middleware/SubstituteBindings.php(50): Illuminate\Pipeline\Pipeline->Illuminate\Pipeline\{closure}()
#25 /app/vendor/laravel/framework/src/Illuminate/Pipeline/Pipeline.php(219): Illuminate\Routing\Middleware\SubstituteBindings->handle()
#26 /app/vendor/laravel/framework/src/Illuminate/Foundation/Http/Middleware/VerifyCsrfToken.php(87): Illuminate\Pipeline\Pipeline->Illuminate\Pipeline\{closure}()
#27 /app/vendor/laravel/framework/src/Illuminate/Pipeline/Pipeline.php(219): Illuminate\Foundation\Http\Middleware\VerifyCsrfToken->handle()
#28 /app/vendor/laravel/framework/src/Illuminate/View/Middleware/ShareErrorsFromSession.php(48): Illuminate\Pipeline\Pipeline->Illuminate\Pipeline\{closure}()
#29 /app/vendor/laravel/framework/src/Illuminate/Pipeline/Pipeline.php(219): Illuminate\View\Middleware\ShareErrorsFromSession->handle()
#30 /app/vendor/laravel/framework/src/Illuminate/Session/Middleware/StartSession.php(120): Illuminate\Pipeline\Pipeline->Illuminate\Pipeline\{closure}()
#31 /app/vendor/laravel/framework/src/Illuminate/Session/Middleware/StartSession.php(63): Illuminate\Session\Middleware\StartSession->handleStatefulRequest()
#32 /app/vendor/laravel/framework/src/Illuminate/Pipeline/Pipeline.php(219): Illuminate\Session\Middleware\StartSession->handle()
#33 /app/vendor/laravel/framework/src/Illuminate/Cookie/Middleware/AddQueuedCookiesToResponse.php(36): Illuminate\Pipeline\Pipeline->Illuminate\Pipeline\{closure}()
#34 /app/vendor/laravel/framework/src/Illuminate/Pipeline/Pipeline.php(219): Illuminate\Cookie\Middleware\AddQueuedCookiesToResponse->handle()
#35 /app/vendor/laravel/framework/src/Illuminate/Cookie/Middleware/EncryptCookies.php(74): Illuminate\Pipeline\Pipeline->Illuminate\Pipeline\{closure}()
#36 /app/vendor/laravel/framework/src/Illuminate/Pipeline/Pipeline.php(219): Illuminate\Cookie\Middleware\EncryptCookies->handle()
#37 /app/vendor/laravel/framework/src/Illuminate/Pipeline/Pipeline.php(137): Illuminate\Pipeline\Pipeline->Illuminate\Pipeline\{closure}()
#38 /app/vendor/laravel/framework/src/Illuminate/Routing/Router.php(821): Illuminate\Pipeline\Pipeline->then()
#39 /app/vendor/laravel/framework/src/Illuminate/Routing/Router.php(800): Illuminate\Routing\Router->runRouteWithinStack()
#40 /app/vendor/laravel/framework/src/Illuminate/Routing/Router.php(764): Illuminate\Routing\Router->runRoute()
#41 /app/vendor/laravel/framework/src/Illuminate/Routing/Router.php(753): Illuminate\Routing\Router->dispatchToRoute()
#42 /app/vendor/laravel/framework/src/Illuminate/Foundation/Http/Kernel.php(200): Illuminate\Routing\Router->dispatch()
#43 /app/vendor/laravel/framework/src/Illuminate/Pipeline/Pipeline.php(180): Illuminate\Foundation\Http\Kernel->Illuminate\Foundation\Http\{closure}()
#44 /app/vendor/laravel/framework/src/Illuminate/Foundation/Http/Middleware/TransformsRequest.php(21): Illuminate\Pipeline\Pipeline->Illuminate\Pipeline\{closure}()
#45 /app/vendor/laravel/framework/src/Illuminate/Foundation/Http/Middleware/ConvertEmptyStringsToNull.php(31): Illuminate\Foundation\Http\Middleware\TransformsRequest->handle()
#46 /app/vendor/laravel/framework/src/Illuminate/Pipeline/Pipeline.php(219): Illuminate\Foundation\Http\Middleware\ConvertEmptyStringsToNull->handle()
#47 /app/vendor/laravel/framework/src/Illuminate/Foundation/Http/Middleware/TransformsRequest.php(21): Illuminate\Pipeline\Pipeline->Illuminate\Pipeline\{closure}()
#48 /app/vendor/laravel/framework/src/Illuminate/Foundation/Http/Middleware/TrimStrings.php(51): Illuminate\Foundation\Http\Middleware\TransformsRequest->handle()
#49 /app/vendor/laravel/framework/src/Illuminate/Pipeline/Pipeline.php(219): Illuminate\Foundation\Http\Middleware\TrimStrings->handle()
#50 /app/vendor/laravel/framework/src/Illuminate/Http/Middleware/ValidatePostSize.php(27): Illuminate\Pipeline\Pipeline->Illuminate\Pipeline\{closure}()
#51 /app/vendor/laravel/framework/src/Illuminate/Pipeline/Pipeline.php(219): Illuminate\Http\Middleware\ValidatePostSize->handle()
#52 /app/vendor/laravel/framework/src/Illuminate/Foundation/Http/Middleware/PreventRequestsDuringMaintenance.php(109): Illuminate\Pipeline\Pipeline->Illuminate\Pipeline\{closure}()
#53 /app/vendor/laravel/framework/src/Illuminate/Pipeline/Pipeline.php(219): Illuminate\Foundation\Http\Middleware\PreventRequestsDuringMaintenance->handle()
#54 /app/vendor/laravel/framework/src/Illuminate/Http/Middleware/HandleCors.php(48): Illuminate\Pipeline\Pipeline->Illuminate\Pipeline\{closure}()
#55 /app/vendor/laravel/framework/src/Illuminate/Pipeline/Pipeline.php(219): Illuminate\Http\Middleware\HandleCors->handle()
#56 /app/vendor/laravel/framework/src/Illuminate/Http/Middleware/TrustProxies.php(58): Illuminate\Pipeline\Pipeline->Illuminate\Pipeline\{closure}()
#57 /app/vendor/laravel/framework/src/Illuminate/Pipeline/Pipeline.php(219): Illuminate\Http\Middleware\TrustProxies->handle()
#58 /app/vendor/laravel/framework/src/Illuminate/Foundation/Http/Middleware/InvokeDeferredCallbacks.php(22): Illuminate\Pipeline\Pipeline->Illuminate\Pipeline\{closure}()
#59 /app/vendor/laravel/framework/src/Illuminate/Pipeline/Pipeline.php(219): Illuminate\Foundation\Http\Middleware\InvokeDeferredCallbacks->handle()
#60 /app/vendor/laravel/framework/src/Illuminate/Http/Middleware/ValidatePathEncoding.php(26): Illuminate\Pipeline\Pipeline->Illuminate\Pipeline\{closure}()
#61 /app/vendor/laravel/framework/src/Illuminate/Pipeline/Pipeline.php(219): Illuminate\Http\Middleware\ValidatePathEncoding->handle()
#62 /app/vendor/laravel/framework/src/Illuminate/Pipeline/Pipeline.php(137): Illuminate\Pipeline\Pipeline->Illuminate\Pipeline\{closure}()
#63 /app/vendor/laravel/framework/src/Illuminate/Foundation/Http/Kernel.php(175): Illuminate\Pipeline\Pipeline->then()
#64 /app/vendor/laravel/framework/src/Illuminate/Foundation/Http/Kernel.php(144): Illuminate\Foundation\Http\Kernel->sendRequestThroughRouter()
#65 /app/vendor/laravel/framework/src/Illuminate/Foundation/Testing/Concerns/MakesHttpRequests.php(607): Illuminate\Foundation\Http\Kernel->handle()
#66 /app/vendor/laravel/framework/src/Illuminate/Foundation/Testing/Concerns/MakesHttpRequests.php(368): Illuminate\Foundation\Testing\TestCase->call()
#67 /app/tests/Feature/Auth/RegistrationTest.php(4): Illuminate\Foundation\Testing\TestCase->get()
#68 /app/vendor/pestphp/pest/src/Factories/TestCaseMethodFactory.php(168): P\Tests\Feature\Auth\RegistrationTest->{closure}()
#69 [internal function]: P\Tests\Feature\Auth\RegistrationTest->Pest\Factories\{closure}()
#70 /app/vendor/pestphp/pest/src/Concerns/Testable.php(429): call_user_func_array()
#71 /app/vendor/pestphp/pest/src/Support/ExceptionTrace.php(26): P\Tests\Feature\Auth\RegistrationTest->Pest\Concerns\{closure}()
#72 /app/vendor/pestphp/pest/src/Concerns/Testable.php(429): Pest\Support\ExceptionTrace::ensure()
#73 /app/vendor/pestphp/pest/src/Concerns/Testable.php(331): P\Tests\Feature\Auth\RegistrationTest->__callClosure()
#74 /app/vendor/pestphp/pest/src/Factories/TestCaseFactory.php(169) : eval()'d code(17): P\Tests\Feature\Auth\RegistrationTest->__runTest()
#75 /app/vendor/phpunit/phpunit/src/Framework/TestCase.php(1326): P\Tests\Feature\Auth\RegistrationTest->__pest_evaluable_registration_screen_can_be_rendered()
#76 /app/vendor/phpunit/phpunit/src/Framework/TestCase.php(519): PHPUnit\Framework\TestCase->runTest()
#77 /app/vendor/phpunit/phpunit/src/Framework/TestRunner/TestRunner.php(99): PHPUnit\Framework\TestCase->runBare()
#78 /app/vendor/phpunit/phpunit/src/Framework/TestCase.php(359): PHPUnit\Framework\TestRunner->run()
#79 /app/vendor/phpunit/phpunit/src/Framework/TestSuite.php(374): PHPUnit\Framework\TestCase->run()
#80 /app/vendor/phpunit/phpunit/src/TextUI/TestRunner.php(64): PHPUnit\Framework\TestSuite->run()
#81 /app/vendor/phpunit/phpunit/src/TextUI/Application.php(229): PHPUnit\TextUI\TestRunner->run()
#82 /app/vendor/pestphp/pest/src/Kernel.php(103): PHPUnit\TextUI\Application->run()
#83 /app/vendor/pestphp/pest/bin/pest(184): Pest\Kernel->handle()
#84 /app/vendor/pestphp/pest/bin/pest(192): {closure}()
#85 {main}

----------------------------------------------------------------------------------

Unable to locate file in Vite manifest: resources/js/pages/auth/register.tsx. (View: /app/resources/views/app.blade.php)

  at tests/Feature/Auth/RegistrationTest.php:6
      2▕
      3▕ test('registration screen can be rendered', function () {
      4▕     $response = $this->get(route('register'));
      5▕
  ➜   6▕     $response->assertStatus(200);
      7▕ });
      8▕
      9▕ test('new users can register', function () {
     10▕     $response = $this->post(route('register.store'), [


  Tests:    1 failed, 1 passed (4 assertions)
  Duration: 0.88s
